2026-01-31 15:40:28,269 INFO app.audit actor=admin role=admin action=seed_full detail=created_kp=40 created_questions=1600
2026-03-05 21:33:20,583 INFO app.audit actor=admin role=admin action=seed_full detail=created_kp=40 created_questions=1600
2026-03-10 15:41:45,474 INFO httpx HTTP Request: POST http://testserver/api/auth/login "HTTP/1.1 200 OK"
2026-03-10 15:41:45,480 INFO httpx HTTP Request: GET http://testserver/api/admin/courses "HTTP/1.1 200 OK"
2026-03-10 15:42:32,329 INFO httpx HTTP Request: POST http://testserver/api/auth/login "HTTP/1.1 200 OK"
2026-03-10 15:42:32,341 INFO httpx HTTP Request: GET http://testserver/api/admin/courses "HTTP/1.1 200 OK"
2026-03-10 15:42:32,351 INFO httpx HTTP Request: GET http://testserver/api/stages/courses/4 "HTTP/1.1 200 OK"
2026-03-10 15:42:32,366 INFO app.audit actor=teacher1 role=teacher action=course_stage_create detail=course_id=4 stage_id=1
2026-03-10 15:42:32,375 INFO httpx HTTP Request: POST http://testserver/api/stages/courses/4 "HTTP/1.1 200 OK"
2026-03-10 15:42:32,459 INFO app.audit actor=teacher1 role=teacher action=stage_data_import detail=course_id=4 stage_id=1 metric=quiz success=1 failed=0
2026-03-10 15:42:32,463 INFO httpx HTTP Request: POST http://testserver/api/stages/imports/upload "HTTP/1.1 200 OK"
2026-03-10 15:42:32,712 INFO httpx HTTP Request: POST http://testserver/api/auth/login "HTTP/1.1 200 OK"
2026-03-10 15:42:32,845 INFO httpx HTTP Request: GET http://testserver/api/eval/profile?subject=%E8%AE%A1%E7%AE%97%E6%9C%BA%E7%BD%91%E7%BB%9C&grade=%E9%80%9A%E7%94%A8 "HTTP/1.1 200 OK"
2026-03-10 15:45:03,459 INFO httpx HTTP Request: POST http://testserver/api/auth/login "HTTP/1.1 200 OK"
2026-03-10 15:45:03,467 INFO httpx HTTP Request: GET http://testserver/api/graph/kps?subject=%E8%AE%A1%E7%AE%97%E6%9C%BA%E7%BD%91%E7%BB%9C&grade=%E9%80%9A%E7%94%A8 "HTTP/1.1 200 OK"
2026-03-10 15:45:03,475 INFO httpx HTTP Request: GET http://testserver/api/admin/kp-resources?kp_id=31 "HTTP/1.1 200 OK"
2026-03-10 15:45:03,483 INFO httpx HTTP Request: GET http://testserver/api/admin/kp-tasks?kp_id=31 "HTTP/1.1 200 OK"
2026-03-10 15:45:03,495 INFO app.audit actor=teacher1 role=teacher action=kp_task_create detail=kp_id=31 task_id=1
2026-03-10 15:45:03,499 INFO httpx HTTP Request: POST http://testserver/api/admin/kp-tasks "HTTP/1.1 200 OK"
2026-03-10 15:45:03,749 INFO httpx HTTP Request: POST http://testserver/api/auth/login "HTTP/1.1 200 OK"
2026-03-10 15:45:03,836 INFO httpx HTTP Request: GET http://testserver/api/graph/node/31 "HTTP/1.1 200 OK"
2026-03-10 15:45:03,859 INFO httpx HTTP Request: GET http://testserver/api/admin/analytics/overview?subject=%E8%AE%A1%E7%AE%97%E6%9C%BA%E7%BD%91%E7%BB%9C&grade=%E9%80%9A%E7%94%A8 "HTTP/1.1 200 OK"
2026-03-10 15:45:44,966 INFO httpx HTTP Request: POST http://testserver/api/auth/login "HTTP/1.1 200 OK"
2026-03-10 15:45:45,057 INFO httpx HTTP Request: GET http://testserver/api/graph/node/31 "HTTP/1.1 200 OK"
2026-03-11 10:35:51,276 INFO app.audit actor=teacher1 role=teacher action=kp_video_clear detail=kp_id=31 deleted=1
2026-03-11 21:47:50,325 INFO httpx HTTP Request: POST http://testserver/api/auth/login/admin "HTTP/1.1 200 OK"
2026-03-11 21:47:50,582 INFO httpx HTTP Request: POST http://testserver/api/auth/login/admin "HTTP/1.1 200 OK"
2026-03-11 21:47:50,830 INFO httpx HTTP Request: POST http://testserver/api/auth/login/student "HTTP/1.1 200 OK"
2026-03-11 21:47:50,840 INFO httpx HTTP Request: GET http://testserver/api/portrait/dimensions/tree "HTTP/1.1 200 OK"
2026-03-11 21:47:50,853 INFO httpx HTTP Request: GET http://testserver/api/portrait/course-selection?course_id=1 "HTTP/1.1 200 OK"
2026-03-11 21:47:50,884 INFO httpx HTTP Request: PUT http://testserver/api/portrait/course-selection?course_id=1 "HTTP/1.1 200 OK"
2026-03-11 21:47:50,890 INFO httpx HTTP Request: GET http://testserver/api/stages/courses/1 "HTTP/1.1 200 OK"
2026-03-11 21:49:19,897 INFO httpx HTTP Request: POST http://testserver/api/auth/login/admin "HTTP/1.1 200 OK"
2026-03-11 21:49:20,148 INFO httpx HTTP Request: POST http://testserver/api/auth/login/admin "HTTP/1.1 200 OK"
2026-03-11 21:49:20,409 INFO httpx HTTP Request: POST http://testserver/api/auth/login/student "HTTP/1.1 200 OK"
2026-03-11 21:49:20,418 INFO httpx HTTP Request: GET http://testserver/api/portrait/dimensions/tree "HTTP/1.1 200 OK"
2026-03-11 21:49:20,426 INFO httpx HTTP Request: GET http://testserver/api/portrait/course-selection?course_id=1 "HTTP/1.1 200 OK"
2026-03-11 21:49:20,446 INFO httpx HTTP Request: PUT http://testserver/api/portrait/course-selection?course_id=1 "HTTP/1.1 200 OK"
2026-03-11 21:49:20,452 INFO httpx HTTP Request: GET http://testserver/api/stages/courses/1 "HTTP/1.1 200 OK"
2026-03-11 21:49:20,465 INFO app.audit actor=teacher1 role=teacher action=course_stage_create detail=course_id=1 stage_id=2
2026-03-11 21:49:20,470 INFO httpx HTTP Request: POST http://testserver/api/stages/courses/1 "HTTP/1.1 200 OK"
2026-03-11 21:49:20,477 INFO httpx HTTP Request: GET http://testserver/api/stages/courses/1 "HTTP/1.1 200 OK"
2026-03-11 21:49:20,491 INFO httpx HTTP Request: GET http://testserver/api/portrait/teacher-input?course_id=1&user_id=3&stage_id=2 "HTTP/1.1 200 OK"
2026-03-11 21:49:20,508 INFO httpx HTTP Request: PUT http://testserver/api/portrait/teacher-input?course_id=1 "HTTP/1.1 200 OK"
2026-03-11 21:49:20,521 INFO httpx HTTP Request: GET http://testserver/api/portrait/questionnaire-input?course_id=1 "HTTP/1.1 200 OK"
2026-03-11 21:49:20,536 INFO httpx HTTP Request: PUT http://testserver/api/portrait/questionnaire-input?course_id=1 "HTTP/1.1 200 OK"
2026-03-11 21:52:10,127 INFO httpx HTTP Request: POST http://testserver/api/auth/login/admin "HTTP/1.1 200 OK"
2026-03-11 21:52:10,381 INFO httpx HTTP Request: POST http://testserver/api/auth/login/student "HTTP/1.1 200 OK"
2026-03-11 21:52:10,394 INFO httpx HTTP Request: GET http://testserver/api/stages/courses/1 "HTTP/1.1 200 OK"
2026-03-11 21:52:10,414 INFO httpx HTTP Request: GET http://testserver/api/portrait/teacher-input?course_id=1&user_id=3&stage_id=2 "HTTP/1.1 200 OK"
2026-03-11 21:52:10,425 INFO httpx HTTP Request: GET http://testserver/api/portrait/questionnaire-input?course_id=1 "HTTP/1.1 200 OK"
2026-03-11 21:52:10,529 INFO httpx HTTP Request: GET http://testserver/api/eval/profile?subject=%E8%AE%A1%E7%AE%97%E6%9C%BA%E7%BD%91%E7%BB%9C&grade=%E9%80%9A%E7%94%A8 "HTTP/1.1 200 OK"
2026-03-11 21:52:10,544 INFO httpx HTTP Request: GET http://testserver/api/admin/analytics/student-detail?user_id=3&subject=%E8%AE%A1%E7%AE%97%E6%9C%BA%E7%BD%91%E7%BB%9C&grade=%E9%80%9A%E7%94%A8 "HTTP/1.1 200 OK"
2026-03-11 21:55:44,110 INFO httpx HTTP Request: POST http://testserver/api/auth/login/student "HTTP/1.1 200 OK"
2026-03-11 22:02:34,113 INFO httpx HTTP Request: POST http://testserver/api/auth/login/student "HTTP/1.1 200 OK"
2026-03-11 22:02:34,255 INFO httpx HTTP Request: GET http://testserver/api/eval/profile?subject=%E8%AE%A1%E7%AE%97%E6%9C%BA%E7%BD%91%E7%BB%9C&grade=%E9%80%9A%E7%94%A8 "HTTP/1.1 200 OK"
2026-03-11 22:09:05,472 INFO httpx HTTP Request: POST http://testserver/api/auth/login/admin "HTTP/1.1 422 Unprocessable Entity"
2026-03-11 22:11:41,075 INFO httpx HTTP Request: POST http://testserver/api/auth/login/admin "HTTP/1.1 422 Unprocessable Entity"
2026-03-11 22:11:41,076 INFO httpx HTTP Request: POST http://testserver/api/auth/login/teacher "HTTP/1.1 404 Not Found"
2026-03-11 22:11:41,078 INFO httpx HTTP Request: POST http://testserver/api/auth/login/student "HTTP/1.1 422 Unprocessable Entity"
2026-03-11 22:12:18,927 INFO httpx HTTP Request: POST http://testserver/api/auth/login/admin "HTTP/1.1 200 OK"
2026-03-11 22:12:19,176 INFO httpx HTTP Request: POST http://testserver/api/auth/login/admin "HTTP/1.1 200 OK"
2026-03-11 22:12:19,424 INFO httpx HTTP Request: POST http://testserver/api/auth/login/student "HTTP/1.1 200 OK"
2026-03-11 22:13:19,610 INFO httpx HTTP Request: POST http://testserver/api/auth/login/admin "HTTP/1.1 200 OK"
2026-03-11 22:13:19,859 INFO httpx HTTP Request: POST http://testserver/api/auth/login/student "HTTP/1.1 200 OK"
2026-03-11 22:13:19,869 INFO httpx HTTP Request: GET http://testserver/api/portrait/dimensions/tree "HTTP/1.1 200 OK"
2026-03-11 22:14:25,241 INFO httpx HTTP Request: POST http://testserver/api/auth/login/admin "HTTP/1.1 200 OK"
2026-03-11 22:14:25,259 INFO httpx HTTP Request: GET http://testserver/api/portrait/dimensions/tree "HTTP/1.1 200 OK"
2026-03-11 22:15:53,092 INFO httpx HTTP Request: POST http://testserver/api/auth/login/admin "HTTP/1.1 200 OK"
2026-03-11 22:15:53,352 INFO httpx HTTP Request: POST http://testserver/api/auth/login/student "HTTP/1.1 200 OK"
2026-03-11 22:15:53,362 INFO httpx HTTP Request: GET http://testserver/api/portrait/dimensions/tree "HTTP/1.1 200 OK"
2026-03-11 22:15:53,373 INFO httpx HTTP Request: PUT http://testserver/api/portrait/course-selection?course_id=4 "HTTP/1.1 200 OK"
2026-03-11 22:15:53,384 INFO httpx HTTP Request: GET http://testserver/api/stages/courses/4 "HTTP/1.1 200 OK"
2026-03-11 22:17:39,009 INFO httpx HTTP Request: POST http://testserver/api/auth/login/admin "HTTP/1.1 200 OK"
2026-03-11 22:17:39,259 INFO httpx HTTP Request: POST http://testserver/api/auth/login/student "HTTP/1.1 200 OK"
2026-03-11 22:17:39,269 INFO httpx HTTP Request: GET http://testserver/api/portrait/dimensions/tree "HTTP/1.1 200 OK"
2026-03-11 22:17:39,300 INFO httpx HTTP Request: PUT http://testserver/api/portrait/course-selection?course_id=4 "HTTP/1.1 200 OK"
2026-03-11 22:17:39,308 INFO httpx HTTP Request: GET http://testserver/api/stages/courses/4 "HTTP/1.1 200 OK"
2026-03-11 22:18:47,954 INFO httpx HTTP Request: POST http://testserver/api/auth/login/admin "HTTP/1.1 200 OK"
2026-03-11 22:18:48,212 INFO httpx HTTP Request: POST http://testserver/api/auth/login/student "HTTP/1.1 200 OK"
2026-03-11 22:18:48,235 INFO httpx HTTP Request: GET http://testserver/api/portrait/teacher-input?course_id=4&user_id=3&stage_id=1 "HTTP/1.1 200 OK"
2026-03-11 22:18:48,249 INFO httpx HTTP Request: GET http://testserver/api/portrait/questionnaire-input?course_id=4 "HTTP/1.1 200 OK"
2026-03-11 22:20:20,016 INFO httpx HTTP Request: POST http://testserver/api/auth/login/admin "HTTP/1.1 200 OK"
2026-03-11 22:20:20,264 INFO httpx HTTP Request: POST http://testserver/api/auth/login/student "HTTP/1.1 200 OK"
2026-03-11 22:20:20,288 INFO httpx HTTP Request: GET http://testserver/api/portrait/teacher-input?course_id=4&user_id=3&stage_id=1 "HTTP/1.1 200 OK"
2026-03-11 22:20:20,302 INFO httpx HTTP Request: PUT http://testserver/api/portrait/teacher-input?course_id=4 "HTTP/1.1 200 OK"
2026-03-11 22:20:20,315 INFO httpx HTTP Request: GET http://testserver/api/portrait/questionnaire-input?course_id=4 "HTTP/1.1 200 OK"
2026-03-11 22:20:20,329 INFO httpx HTTP Request: PUT http://testserver/api/portrait/questionnaire-input?course_id=4 "HTTP/1.1 200 OK"
2026-03-11 22:20:20,449 INFO httpx HTTP Request: GET http://testserver/api/eval/profile?subject=%E8%AE%A1%E7%AE%97%E6%9C%BA%E7%BD%91%E7%BB%9C&grade=%E9%80%9A%E7%94%A8 "HTTP/1.1 200 OK"
2026-03-11 22:24:56,735 INFO httpx HTTP Request: POST http://testserver/api/auth/login/admin "HTTP/1.1 200 OK"
2026-03-11 22:24:56,987 INFO httpx HTTP Request: POST http://testserver/api/auth/login/student "HTTP/1.1 200 OK"
2026-03-11 22:24:57,002 INFO httpx HTTP Request: GET http://testserver/api/portrait/teacher-input?course_id=4&user_id=3&stage_id=1 "HTTP/1.1 200 OK"
2026-03-11 22:27:10,397 INFO httpx HTTP Request: POST http://testserver/api/auth/login/admin "HTTP/1.1 200 OK"
2026-03-11 22:27:10,648 INFO httpx HTTP Request: POST http://testserver/api/auth/login/student "HTTP/1.1 200 OK"
2026-03-11 22:27:10,672 INFO httpx HTTP Request: GET http://testserver/api/portrait/teacher-input?course_id=4&user_id=3&stage_id=1 "HTTP/1.1 200 OK"
2026-03-11 22:27:10,691 INFO httpx HTTP Request: PUT http://testserver/api/portrait/teacher-input?course_id=4 "HTTP/1.1 200 OK"
2026-03-11 22:27:10,705 INFO httpx HTTP Request: GET http://testserver/api/portrait/questionnaire-input?course_id=4 "HTTP/1.1 200 OK"
2026-03-11 22:27:10,723 INFO httpx HTTP Request: PUT http://testserver/api/portrait/questionnaire-input?course_id=4 "HTTP/1.1 200 OK"
2026-03-11 22:27:10,885 INFO httpx HTTP Request: GET http://testserver/api/eval/profile?subject=%E8%AE%A1%E7%AE%97%E6%9C%BA%E7%BD%91%E7%BB%9C&grade=%E9%80%9A%E7%94%A8 "HTTP/1.1 200 OK"
2026-03-11 22:30:07,900 INFO httpx HTTP Request: POST http://testserver/api/auth/login/admin "HTTP/1.1 200 OK"
2026-03-11 22:30:08,147 INFO httpx HTTP Request: POST http://testserver/api/auth/login/student "HTTP/1.1 200 OK"
2026-03-11 22:30:08,175 INFO httpx HTTP Request: GET http://testserver/api/portrait/teacher-input?course_id=4&user_id=3&stage_id=1 "HTTP/1.1 200 OK"
2026-03-11 22:30:08,245 INFO httpx HTTP Request: PUT http://testserver/api/portrait/teacher-input?course_id=4 "HTTP/1.1 200 OK"
2026-03-11 22:30:08,260 INFO httpx HTTP Request: GET http://testserver/api/portrait/questionnaire-input?course_id=4 "HTTP/1.1 200 OK"
2026-03-11 22:30:08,291 INFO httpx HTTP Request: PUT http://testserver/api/portrait/questionnaire-input?course_id=4 "HTTP/1.1 200 OK"
2026-03-11 22:30:08,512 INFO httpx HTTP Request: GET http://testserver/api/eval/profile?subject=%E8%AE%A1%E7%AE%97%E6%9C%BA%E7%BD%91%E7%BB%9C&grade=%E9%80%9A%E7%94%A8 "HTTP/1.1 200 OK"
