2026-03-15 18:09:10,787 INFO httpx HTTP Request: POST http://testserver/api/auth/login "HTTP/1.1 200 OK"
2026-03-15 18:09:10,798 INFO app.audit actor=teacher1 role=teacher action=course_create detail=code=AUTOb045 title=自动定位课程 teacher_id=1
2026-03-16 20:39:24,095 INFO httpx HTTP Request: POST http://testserver/api/auth/login "HTTP/1.1 400 Bad Request"
2026-03-16 20:40:04,481 INFO httpx HTTP Request: POST http://testserver/api/auth/login "HTTP/1.1 200 OK"
2026-03-16 20:40:04,491 INFO httpx HTTP Request: GET http://testserver/api/admin/courses "HTTP/1.1 200 OK"
2026-03-16 20:40:29,088 INFO httpx HTTP Request: POST http://testserver/api/auth/login "HTTP/1.1 200 OK"
2026-03-16 20:40:29,096 INFO httpx HTTP Request: GET http://testserver/api/admin/courses "HTTP/1.1 200 OK"
2026-03-16 20:40:55,620 INFO httpx HTTP Request: POST http://testserver/api/auth/login "HTTP/1.1 200 OK"
2026-03-16 20:40:55,629 INFO httpx HTTP Request: GET http://testserver/api/admin/courses "HTTP/1.1 200 OK"
2026-03-16 20:40:55,637 INFO httpx HTTP Request: GET http://testserver/api/stages/courses/9 "HTTP/1.1 200 OK"
2026-03-16 20:41:16,388 INFO httpx HTTP Request: POST http://testserver/api/auth/login "HTTP/1.1 200 OK"
2026-03-16 20:41:16,397 INFO httpx HTTP Request: GET http://testserver/api/admin/courses "HTTP/1.1 200 OK"
2026-03-16 20:41:16,405 INFO httpx HTTP Request: GET http://testserver/api/stages/courses/9 "HTTP/1.1 200 OK"
2026-03-16 20:41:16,419 INFO httpx HTTP Request: GET http://testserver/api/stages/courses/8 "HTTP/1.1 200 OK"
2026-03-16 20:41:16,424 INFO httpx HTTP Request: GET http://testserver/api/stages/courses/7 "HTTP/1.1 200 OK"
2026-03-16 20:41:16,429 INFO httpx HTTP Request: GET http://testserver/api/stages/courses/6 "HTTP/1.1 200 OK"
2026-03-16 20:41:16,434 INFO httpx HTTP Request: GET http://testserver/api/stages/courses/4 "HTTP/1.1 200 OK"
2026-03-16 20:41:16,439 INFO httpx HTTP Request: GET http://testserver/api/stages/courses/3 "HTTP/1.1 200 OK"
2026-03-16 20:41:16,444 INFO httpx HTTP Request: GET http://testserver/api/stages/courses/2 "HTTP/1.1 200 OK"
2026-03-16 20:41:49,080 INFO httpx HTTP Request: POST http://testserver/api/auth/login "HTTP/1.1 200 OK"
2026-03-16 20:41:49,091 INFO httpx HTTP Request: GET http://testserver/api/stages/courses/4 "HTTP/1.1 200 OK"
2026-03-16 20:42:29,058 INFO httpx HTTP Request: POST http://testserver/api/auth/login "HTTP/1.1 200 OK"
2026-03-16 20:42:29,068 INFO httpx HTTP Request: GET http://testserver/api/stages/courses/4 "HTTP/1.1 200 OK"
2026-03-16 20:42:29,133 INFO httpx HTTP Request: GET http://testserver/api/stages/internal-summary?course_id=4&stage_id=6 "HTTP/1.1 200 OK"
2026-03-16 20:42:29,231 INFO app.audit actor=teacher1 role=teacher action=stage_internal_summary_apply detail=course_id=4 stage_id=6 success=2 include_video=True include_practice=False include_mastery=True
2026-03-16 20:42:29,235 INFO httpx HTTP Request: POST http://testserver/api/stages/internal-summary/apply "HTTP/1.1 200 OK"
2026-03-16 20:46:58,064 INFO httpx HTTP Request: POST http://testserver/api/auth/login "HTTP/1.1 200 OK"
2026-03-16 20:46:58,073 INFO httpx HTTP Request: GET http://testserver/api/stages/internal-summary/export?course_id=4&stage_id=1 "HTTP/1.1 400 Bad Request"
2026-03-16 20:47:35,482 INFO httpx HTTP Request: POST http://testserver/api/auth/login "HTTP/1.1 200 OK"
2026-03-16 20:47:35,491 INFO httpx HTTP Request: GET http://testserver/api/stages/courses/4 "HTTP/1.1 200 OK"
2026-03-16 20:47:35,548 INFO httpx HTTP Request: GET http://testserver/api/stages/internal-summary/export?course_id=4&stage_id=6 "HTTP/1.1 200 OK"
2026-03-16 20:49:36,712 INFO httpx HTTP Request: POST http://testserver/api/auth/login "HTTP/1.1 200 OK"
2026-03-16 20:49:36,722 INFO httpx HTTP Request: GET http://testserver/api/stages/courses/4 "HTTP/1.1 200 OK"
2026-03-16 20:49:36,726 INFO httpx HTTP Request: GET http://testserver/api/stages/template?metric_type=video "HTTP/1.1 200 OK"
2026-03-16 20:49:36,747 INFO app.audit actor=teacher1 role=teacher action=stage_data_import detail=course_id=4 stage_id=6 metric=video success=0 failed=1
2026-03-16 20:49:36,756 INFO httpx HTTP Request: POST http://testserver/api/stages/imports/upload "HTTP/1.1 200 OK"
2026-03-16 20:49:58,767 INFO httpx HTTP Request: POST http://testserver/api/auth/login "HTTP/1.1 200 OK"
2026-03-16 20:49:58,772 INFO httpx HTTP Request: GET http://testserver/api/stages/courses/4 "HTTP/1.1 200 OK"
2026-03-16 20:49:58,791 INFO app.audit actor=teacher1 role=teacher action=stage_data_import detail=course_id=4 stage_id=6 metric=video success=0 failed=1
2026-03-16 20:49:58,795 INFO httpx HTTP Request: POST http://testserver/api/stages/imports/upload "HTTP/1.1 200 OK"
2026-03-16 20:50:33,917 INFO httpx HTTP Request: POST http://testserver/api/auth/login "HTTP/1.1 200 OK"
2026-03-16 20:50:33,927 INFO httpx HTTP Request: GET http://testserver/api/stages/courses/4 "HTTP/1.1 200 OK"
2026-03-16 20:50:33,931 INFO httpx HTTP Request: GET http://testserver/api/stages/template?metric_type=video "HTTP/1.1 200 OK"
2026-03-16 20:50:34,002 INFO app.audit actor=teacher1 role=teacher action=stage_data_import detail=course_id=4 stage_id=6 metric=video success=1 failed=0
2026-03-16 20:50:34,006 INFO httpx HTTP Request: POST http://testserver/api/stages/imports/upload "HTTP/1.1 200 OK"
2026-03-16 21:28:35,034 INFO httpx HTTP Request: POST http://testserver/api/auth/login "HTTP/1.1 200 OK"
2026-03-16 21:28:35,043 INFO httpx HTTP Request: GET http://testserver/api/graph/courses "HTTP/1.1 200 OK"
2026-03-16 21:28:35,053 INFO httpx HTTP Request: GET http://testserver/api/stages/courses/1 "HTTP/1.1 200 OK"
2026-03-16 21:28:35,084 INFO httpx HTTP Request: GET http://testserver/api/stages/internal-summary?course_id=1&stage_id=3 "HTTP/1.1 200 OK"
2026-03-16 21:28:35,090 INFO httpx HTTP Request: GET http://testserver/api/graph/kps?subject=%E6%93%8D%E4%BD%9C%E7%B3%BB%E7%BB%9F&grade=%E9%80%9A%E7%94%A8 "HTTP/1.1 200 OK"
2026-03-16 21:28:35,099 INFO httpx HTTP Request: GET http://testserver/api/enrollment/teacher/applications?course_id=1 "HTTP/1.1 200 OK"
2026-03-16 21:28:35,115 INFO httpx HTTP Request: GET http://testserver/api/admin/final-score/students?subject=%E6%93%8D%E4%BD%9C%E7%B3%BB%E7%BB%9F&grade=%E9%80%9A%E7%94%A8 "HTTP/1.1 200 OK"
2026-03-16 21:28:35,121 INFO httpx HTTP Request: GET http://testserver/api/admin/kp-resources?kp_id=6 "HTTP/1.1 200 OK"
2026-03-17 11:26:24,991 INFO httpx HTTP Request: POST http://testserver/api/auth/login "HTTP/1.1 400 Bad Request"
2026-03-17 11:27:04,620 INFO httpx HTTP Request: GET http://testserver/api/practice/next?kp_id=1 "HTTP/1.1 401 Unauthorized"
2026-03-17 11:27:04,621 INFO httpx HTTP Request: POST http://testserver/api/practice/submit "HTTP/1.1 401 Unauthorized"
