[     514ms] [ERROR] Failed to load resource: the server responded with a status of 404 (Not Found) @ http://localhost:5173/favicon.ico:0
[     526ms] [WARNING] ElementPlusError: [el-radio] [API] label act as value is about to be deprecated in version 3.0.0, please use value instead.
For more detail, please visit: https://element-plus.org/en-US/component/radio.html

    at debugWarn (http://localhost:5173/node_modules/.vite/deps/element-plus.js?v=951c7b74:9616:37)
    at watch.immediate (http://localhost:5173/node_modules/.vite/deps/element-plus.js?v=951c7b74:21502:9)
    at callWithErrorHandling (http://localhost:5173/node_modules/.vite/deps/chunk-QJ6DQKGF.js?v=951c7b74:2342:19)
    at callWithAsyncErrorHandling (http://localhost:5173/node_modules/.vite/deps/chunk-QJ6DQKGF.js?v=951c7b74:2349:17)
    at baseWatchOptions.call (http://localhost:5173/node_modules/.vite/deps/chunk-QJ6DQKGF.js?v=951c7b74:3027:47)
    at job (http://localhost:5173/node_modules/.vite/deps/chunk-QJ6DQKGF.js?v=951c7b74:2072:18)
    at watch (http://localhost:5173/node_modules/.vite/deps/chunk-QJ6DQKGF.js?v=951c7b74:2107:7)
    at doWatch (http://localhost:5173/node_modules/.vite/deps/chunk-QJ6DQKGF.js?v=951c7b74:3055:23)
    at watch2 (http://localhost:5173/node_modules/.vite/deps/chunk-QJ6DQKGF.js?v=951c7b74:2988:10)
    at useDeprecated (http://localhost:5173/node_modules/.vite/deps/element-plus.js?v=951c7b74:21498:3) @ http://localhost:5173/node_modules/.vite/deps/element-plus.js?v=951c7b74:9616
[     527ms] [WARNING] ElementPlusError: [el-radio] [API] label act as value is about to be deprecated in version 3.0.0, please use value instead.
For more detail, please visit: https://element-plus.org/en-US/component/radio.html

    at debugWarn (http://localhost:5173/node_modules/.vite/deps/element-plus.js?v=951c7b74:9616:37)
    at watch.immediate (http://localhost:5173/node_modules/.vite/deps/element-plus.js?v=951c7b74:21502:9)
    at callWithErrorHandling (http://localhost:5173/node_modules/.vite/deps/chunk-QJ6DQKGF.js?v=951c7b74:2342:19)
    at callWithAsyncErrorHandling (http://localhost:5173/node_modules/.vite/deps/chunk-QJ6DQKGF.js?v=951c7b74:2349:17)
    at baseWatchOptions.call (http://localhost:5173/node_modules/.vite/deps/chunk-QJ6DQKGF.js?v=951c7b74:3027:47)
    at job (http://localhost:5173/node_modules/.vite/deps/chunk-QJ6DQKGF.js?v=951c7b74:2072:18)
    at watch (http://localhost:5173/node_modules/.vite/deps/chunk-QJ6DQKGF.js?v=951c7b74:2107:7)
    at doWatch (http://localhost:5173/node_modules/.vite/deps/chunk-QJ6DQKGF.js?v=951c7b74:3055:23)
    at watch2 (http://localhost:5173/node_modules/.vite/deps/chunk-QJ6DQKGF.js?v=951c7b74:2988:10)
    at useDeprecated (http://localhost:5173/node_modules/.vite/deps/element-plus.js?v=951c7b74:21498:3) @ http://localhost:5173/node_modules/.vite/deps/element-plus.js?v=951c7b74:9616
